[livefb.kharidz.me/index.html]
[backblue.gif]
[fade.gif]
[index.html]
[maxcdn.bootstrapcdn.com/font-awesome/4.3.0/css/font-awesome.min.css]
[maxcdn.bootstrapcdn.com/bootstrap/3.3.4/css/bootstrap.min.css]
[botex-viet.com/assets/plugins/toastr/toastr.min.css]
[connect.facebook.net/en_US/sdk.js]
[code.jquery.com/jquery-2.1.4.min.js]
[livefb.kharidz.me/sitemap.xml]
[botex-viet.com/assets/js/pages/dashboard.js]
[botex-viet.com/assets/master.js]
[www.blogger.com/static/v1/widgets/803954089-widgets.js]
[livefb.kharidz.me/index.html]
[maxcdn.bootstrapcdn.com/font-awesome/4.3.0/css/font-awesome.min.css]
[maxcdn.bootstrapcdn.com/bootstrap/3.3.4/css/bootstrap.min.css]
[botex-viet.com/assets/plugins/toastr/toastr.min.css]
[www.blogger.com/static/v1/widgets/178992763-css_bundle_v2.css]
[livefb.kharidz.me/restserver.php]
[connect.facebook.net/en_US/sdk.js]
[livefb.kharidz.me/ABCDEFGHIJKLMNOPQRSTUVWXYZabcdefghijklmnopqrstuvwxyz0123456789+/index.html]
[livefb.kharidz.me/dialog/index.html]
[maxcdn.bootstrapcdn.com/bootstrap/3.3.4/js/bootstrap.min.js]
[livefb.kharidz.me/ABCDEFGHIJKLMNOPQRSTUVWXYZabcdefghijklmnopqrstuvwxyz0123456789+/index.html]
[livefb.kharidz.me/restserver.html]
[livefb.kharidz.me/dialog/index.html]
[livefb.kharidz.me/%s/profile4d6d.html]
[botex-viet.com/assets/plugins/toastr/toastr.min.js]
[kharidz.systems/images/logo.png]
[kharidz.systems/js/bootstrap.min.js]
[kharidz.systems/js/custom.js]
